manifest should match snapshot:
  1: |
    apiVersion: v1
    kind: ServiceAccount
    metadata:
      labels:
        app.kubernetes.io/instance: RELEASE-NAME
        app.kubernetes.io/managed-by: Helm
        app.kubernetes.io/name: example-chart
        app.kubernetes.io/version: 1.16.0
        helm.sh/chart: example-chart-0.1.0
      name: RELEASE-NAME-example-chart
