manifest should match snapshot:
  1: |
    apiVersion: apps/v1
    kind: Deployment
    metadata:
      labels:
        app.kubernetes.io/instance: RELEASE-NAME
        app.kubernetes.io/managed-by: Helm
        app.kubernetes.io/name: example-chart
        app.kubernetes.io/version: 1.16.0
        helm.sh/chart: example-chart-0.1.0
      name: RELEASE-NAME-example-chart
    spec:
      replicas: 1
      selector:
        matchLabels:
          app.kubernetes.io/instance: RELEASE-NAME
          app.kubernetes.io/name: example-chart
      template:
        metadata:
          labels:
            app.kubernetes.io/instance: RELEASE-NAME
            app.kubernetes.io/name: example-chart
        spec:
          containers:
            - image: nginx:1.16.0
              imagePullPolicy: IfNotPresent
              livenessProbe:
                httpGet:
                  path: /
                  port: http
              name: example-chart
              ports:
                - containerPort: 80
                  name: http
                  protocol: TCP
              readinessProbe:
                httpGet:
                  path: /
                  port: http
              resources: {}
              securityContext: {}
          securityContext: {}
          serviceAccountName: RELEASE-NAME-example-chart
