manifest should match snapshot:
  1: |
    apiVersion: v1
    kind: Service
    metadata:
      labels:
        app.kubernetes.io/instance: RELEASE-NAME
        app.kubernetes.io/managed-by: Helm
        app.kubernetes.io/name: example-chart2
        app.kubernetes.io/version: 1.16.0
        helm.sh/chart: example-chart2-0.1.0
      name: RELEASE-NAME-example-chart2
    spec:
      ports:
        - name: http
          port: 80
          protocol: TCP
          targetPort: http
      selector:
        app.kubernetes.io/instance: RELEASE-NAME
        app.kubernetes.io/name: example-chart2
      type: ClusterIP
